// Jest Snapshot v1, https://goo.gl/fbAQLP

exports[`<ProductGrid /> API fail 1`] = `
<div
  data-testid="error"
>
  Something went wrong...
</div>
`;
